---
source: tests/tests.rs
info:
  program: vine
  args:
    - run
    - dpll/main.vi
    - "--breadth-first"
---
success: true
exit_code: 0
----- stdout -----
unsatisfiable

----- stderr -----

Interactions
  Total               23_609
    Depth             10_793
    Breadth                2
  Annihilate          12_218
  Commute                258
  Copy                 2_894
  Erase                3_113
  Expand               1_810
  Call                 2_141
  Branch               1_175

Memory
  Heap                 8_416 B
  Allocated          503_952 B
  Freed              503_952 B

[Performance...]
