---
source: tests/tests.rs
info:
  program: vine
  args:
    - run
    - dpll/main.vi
    - "--breadth-first"
---
success: true
exit_code: 0
----- stdout -----
satisfiable
evaluation under model: true
var 1 = true
var 2 = true
var 3 = false
var 4 = true
var 5 = false

----- stderr -----

Interactions
  Total               28_741
    Depth             12_789
    Breadth                2
  Annihilate          14_979
  Commute                307
  Copy                 3_353
  Erase                3_697
  Expand               2_264
  Call                 2_704
  Branch               1_437

Memory
  Heap                 7_728 B
  Allocated          616_288 B
  Freed              616_288 B

[Performance...]
