---
source: tests/tests.rs
info:
  program: vine
  args:
    - run
    - dpll/main.vi
    - "--breadth-first"
---
success: true
exit_code: 0
----- stdout -----
satisfiable
evaluation under model: true
var 1 = false
var 2 = false
var 3 = true
var 4 = false
var 5 = false

----- stderr -----

Interactions
  Total               76_988
    Depth             36_346
    Breadth                2
  Annihilate          41_113
  Commute                753
  Copy                 8_646
  Erase                9_765
  Expand               6_051
  Call                 6_747
  Branch               3_913

Memory
  Heap                17_344 B
  Allocated        1_668_448 B
  Freed            1_668_448 B

[Performance...]
