---
source: tests/tests.rs
info:
  program: vine
  args:
    - run
    - dpll/main.vi
    - "--breadth-first"
---
success: true
exit_code: 0
----- stdout -----
satisfiable
evaluation under model: true
var 1 = true
var 2 = false
var 3 = true
var 4 = false
var 5 = true
var 6 = true
var 7 = false
var 8 = true
var 9 = false
var 10 = true
var 11 = false
var 12 = false
var 13 = false
var 14 = true
var 15 = true
var 16 = true
var 17 = true
var 18 = true
var 19 = true
var 20 = true
var 21 = true
var 22 = false
var 23 = true
var 24 = false
var 25 = true
var 26 = true
var 27 = false
var 28 = true
var 30 = true
var 31 = true
var 32 = true
var 33 = true
var 34 = false
var 35 = true
var 36 = true
var 37 = true
var 38 = false
var 39 = false
var 40 = true
var 41 = false
var 42 = true
var 43 = false
var 44 = true
var 45 = true
var 46 = true
var 47 = false
var 48 = false
var 49 = true
var 50 = true

----- stderr -----

Interactions
  Total            6_429_227
    Depth          3_182_634
    Breadth                2
  Annihilate       3_589_092
  Commute             23_613
  Copy               659_387
  Erase              741_406
  Expand             495_025
  Call               586_443
  Branch             334_261

Memory
  Heap               512_704 B
  Allocated      142_516_928 B
  Freed          142_516_928 B

[Performance...]
