---
source: tests/tests.rs
info:
  program: vine
  args:
    - run
    - dpll/main.vi
    - "--breadth-first"
---
success: true
exit_code: 0
----- stdout -----
unsatisfiable

----- stderr -----

Interactions
  Total          111_386_988
    Depth         48_816_838
    Breadth                2
  Annihilate      63_236_631
  Commute            172_889
  Copy            10_423_309
  Erase           12_583_095
  Expand           8_870_997
  Call            10_258_789
  Branch           5_841_278

Memory
  Heap               747_136 B
  Allocated    2_480_421_616 B
  Freed        2_480_421_616 B

[Performance...]
